---Semantic Errors--- 

Duplicate variable declaration: 'float x' in 'program' @ line 46  
